AUTOSETUP REPORT FILE: (18/06/2015 - 10:04)
AutoSetup MFB Write: OperationCode 235 - OperationOffset 1 (18/06/2015 - 10:04)
Evaluating EndOperation (18/06/2015 - 10:04)
Entering case AS_INITBOOT (18/06/2015 - 10:04)
Evaluating NextOperation (18/06/2015 - 10:05)
AutoSetup MFB Write: OperationCode 235 - OperationOffset 1 (18/06/2015 - 10:05)
Evaluating EndOperation (18/06/2015 - 10:05)
Entering case AS_RESETCN_1 (18/06/2015 - 10:05)
AutoSetup MFB Write: OperationCode 235 - OperationOffset 2 (18/06/2015 - 10:05)
ASGetScriptLine - EtsGetScriptLine returned 15400962 (18/06/2015 - 10:06)
ASGetScriptLine - EtsGetScriptLine Offset 2 - OpCode 3753884 (18/06/2015 - 10:06)
AutoSetup MFB Write: OperationCode 235 - OperationOffset 7 (18/06/2015 - 10:06)
AutoSetup MFB Write: OperationCode 235 - OperationOffset 7 (18/06/2015 - 10:06)
Evaluating EndOperation (18/06/2015 - 10:06)
Entering case AS_FORMAT_H [Drive H] (18/06/2015 - 10:06)
Evaluating NextOperation (18/06/2015 - 10:07)
AutoSetup MFB Write: OperationCode 235 - OperationOffset 7 (18/06/2015 - 10:07)
Evaluating EndOperation (18/06/2015 - 10:07)
Entering case AS_COPY_H [Drive H] (18/06/2015 - 10:07)
MakeDir H: [Error = 0] (18/06/2015 - 10:07)
FindFirstFile Source: J:\DiscoH\*.* (18/06/2015 - 10:07)
FindFile: . (18/06/2015 - 10:07)
FindFile: .. (18/06/2015 - 10:07)
FindFile: RTOS.INI (18/06/2015 - 10:07)
FindFile: TCPIP.INI (18/06/2015 - 10:07)
Evaluating NextOperation (18/06/2015 - 10:07)
AutoSetup MFB Write: OperationCode 235 - OperationOffset 8 (18/06/2015 - 10:07)
Evaluating EndOperation (18/06/2015 - 10:07)
Entering case AS_RESETCN_2 (18/06/2015 - 10:07)
AutoSetup MFB Write: OperationCode 235 - OperationOffset 11 (18/06/2015 - 10:07)
Evaluating NextOperation (18/06/2015 - 10:07)
AutoSetup MFB Write: OperationCode 235 - OperationOffset 11 (18/06/2015 - 10:07)
Evaluating EndOperation (18/06/2015 - 10:07)
Evaluating IsEnd (18/06/2015 - 10:07)
AutoSetup MFB Write: OperationCode 235 - OperationOffset -1 (18/06/2015 - 10:07)
Writing Message: *** END *** (18/06/2015 - 10:07)
